\BOOKMARK [1][-]{section.1}{\376\377\000W\000p\000r\000o\000w\000a\000d\000z\000e\000n\000i\000e\000\040\000i\000\040\000m\000o\000t\000y\000w\000a\000c\000j\000a}{}% 1
\BOOKMARK [2][-]{subsection.1.1}{\376\377\000K\000o\000n\000t\000e\000k\000s\000t\000\040\000p\000r\000o\000b\000l\000e\000m\000u}{section.1}% 2
\BOOKMARK [2][-]{subsection.1.2}{\376\377\000D\000l\000a\000c\000z\000e\000g\000o\000\040\000b\000e\000h\000a\000w\000i\000o\000r\000a\000l\000n\000a\000\040\000b\000i\000o\000m\000e\000t\000r\000i\000a\000\040\000m\000y\000s\000z\000y}{section.1}% 3
\BOOKMARK [2][-]{subsection.1.3}{\376\377\000C\000e\000l\000\040\000p\000r\000o\000j\000e\000k\000t\000u}{section.1}% 4
\BOOKMARK [2][-]{subsection.1.4}{\376\377\000Z\000a\000k\000r\000e\000s\000\040\000i\000\040\001\133\000w\000i\000a\000d\000o\000m\000e\000\040\000u\000p\000r\000o\000s\000z\000c\000z\000e\000n\000i\000a\000\040\000M\000V\000P}{section.1}% 5
\BOOKMARK [1][-]{section.2}{\376\377\000A\000r\000c\000h\000i\000t\000e\000k\000t\000u\000r\000a\000\040\000s\000y\000s\000t\000e\000m\000u}{}% 6
\BOOKMARK [2][-]{subsection.2.1}{\376\377\000W\000i\000d\000o\000k\000\040\000k\000o\000m\000p\000o\000n\000e\000n\000t\000\363\000w}{section.2}% 7
\BOOKMARK [2][-]{subsection.2.2}{\376\377\000P\000r\000z\000e\000p\001\102\000y\000w\000\040\000d\000a\000n\000y\000c\000h\000\040\000e\000n\000d\000-\000t\000o\000-\000e\000n\000d}{section.2}% 8
\BOOKMARK [2][-]{subsection.2.3}{\376\377\000D\000i\000a\000g\000r\000a\000m\000\040\000p\000r\000z\000y\000p\000a\000d\000k\000\363\000w\000\040\000u\001\174\000y\000c\000i\000a}{section.2}% 9
\BOOKMARK [2][-]{subsection.2.4}{\376\377\000M\000o\000d\000e\000l\000\040\000d\000a\000n\000y\000c\000h\000\040\000\050\000E\000R\000D\000\051}{section.2}% 10
\BOOKMARK [1][-]{section.3}{\376\377\000D\000o\000k\000u\000m\000e\000n\000t\000a\000c\000j\000a\000\040\000t\000e\000c\000h\000n\000i\000c\000z\000n\000a\000\040\000c\000o\000d\000e\000b\000a\000s\000e}{}% 11
\BOOKMARK [2][-]{subsection.3.1}{\376\377\000S\000t\000r\000u\000k\000t\000u\000r\000a\000\040\000r\000e\000p\000o\000z\000y\000t\000o\000r\000i\000u\000m}{section.3}% 12
\BOOKMARK [2][-]{subsection.3.2}{\376\377\000F\000r\000o\000n\000t\000e\000n\000d\000\040\000t\000e\000s\000t\000b\000e\000d\000\040\000\050\000V\000i\000t\000e\000\040\000+\000\040\000R\000e\000a\000c\000t\000\040\000+\000\040\000T\000y\000p\000e\000S\000c\000r\000i\000p\000t\000\051}{section.3}% 13
\BOOKMARK [3][-]{subsubsection.3.2.1}{\376\377\000R\000o\000l\000a\000\040\000f\000r\000o\000n\000t\000e\000n\000d\000u}{subsection.3.2}% 14
\BOOKMARK [3][-]{subsubsection.3.2.2}{\376\377\000W\000y\000g\000l\000a\000d\000\040\000i\000\040\000f\000u\000n\000k\000c\000j\000e\000\040\000i\000n\000t\000e\000r\000f\000e\000j\000s\000u}{subsection.3.2}% 15
\BOOKMARK [3][-]{subsubsection.3.2.3}{\376\377\000Z\000b\000i\000e\000r\000a\000n\000e\000\040\000e\000v\000e\000n\000t\000y\000\040\000i\000\040\000b\000a\000t\000c\000h\000i\000n\000g}{subsection.3.2}% 16
\BOOKMARK [3][-]{subsubsection.3.2.4}{\376\377\000F\000i\000n\000g\000e\000r\000p\000r\000i\000n\000t\000\040\000k\000l\000i\000e\000n\000t\000a}{subsection.3.2}% 17
\BOOKMARK [2][-]{subsection.3.3}{\376\377\000P\000o\000z\000y\000s\000k\000a\000n\000i\000e\000\040\000d\000a\000n\000y\000c\000h\000\040\000t\000r\000e\000n\000i\000n\000g\000o\000w\000y\000c\000h\000\040\000\050\000h\000u\000m\000a\000n\000\040\000v\000s\000\040\000b\000o\000t\000\051}{section.3}% 18
\BOOKMARK [3][-]{subsubsection.3.3.1}{\376\377\000J\000a\000k\000\040\000z\000b\000i\000e\000r\000a\000n\000o\000\040\000d\000a\000n\000e\000\040\000k\000l\000a\000s\000y\000\040\000h\000u\000m\000a\000n}{subsection.3.3}% 19
\BOOKMARK [3][-]{subsubsection.3.3.2}{\376\377\000J\000a\000k\000\040\000z\000b\000i\000e\000r\000a\000n\000o\000\040\000d\000a\000n\000e\000\040\000k\000l\000a\000s\000\040\000b\000o\000t\000o\000w\000y\000c\000h}{subsection.3.3}% 20
\BOOKMARK [3][-]{subsubsection.3.3.3}{\376\377\000U\000d\000z\000i\000a\000l\000\040\000s\000c\000e\000n\000a\000r\000i\000u\000s\000z\000y\000\040\000b\000o\000t\000o\000w\000y\000c\000h}{subsection.3.3}% 21
\BOOKMARK [3][-]{subsubsection.3.3.4}{\376\377\000C\000h\000a\000r\000a\000k\000t\000e\000r\000y\000s\000t\000y\000k\000a\000\040\000b\000o\000t\000o\000w\000\040\000i\000\040\000z\000a\000m\000y\000s\000l\000\040\000p\000r\000o\000j\000e\000k\000t\000o\000w\000y}{subsection.3.3}% 22
\BOOKMARK [2][-]{subsection.3.4}{\376\377\000B\000a\000c\000k\000e\000n\000d\000\040\000C\000o\000l\000l\000e\000c\000t\000o\000r\000\040\000A\000P\000I\000\040\000\050\000F\000a\000s\000t\000A\000P\000I\000\051}{section.3}% 23
\BOOKMARK [3][-]{subsubsection.3.4.1}{\376\377\000W\000a\000r\000s\000t\000w\000y\000\040\000b\000a\000c\000k\000e\000n\000d\000u}{subsection.3.4}% 24
\BOOKMARK [3][-]{subsubsection.3.4.2}{\376\377\000E\000n\000d\000p\000o\000i\000n\000t\000y\000\040\000R\000E\000S\000T}{subsection.3.4}% 25
\BOOKMARK [2][-]{subsection.3.5}{\376\377\000S\000t\000o\000r\000a\000g\000e\000:\000\040\000P\000o\000s\000t\000g\000r\000e\000S\000Q\000L}{section.3}% 26
\BOOKMARK [2][-]{subsection.3.6}{\376\377\000S\000l\000o\000w\000n\000i\000k\000\040\000z\000m\000i\000e\000n\000n\000y\000c\000h\000\040\000b\000a\000z\000o\000d\000a\000n\000o\000w\000y\000c\000h}{section.3}% 27
\BOOKMARK [2][-]{subsection.3.7}{\376\377\000F\000e\000a\000t\000u\000r\000e\000\040\000e\000n\000g\000i\000n\000e\000e\000r\000i\000n\000g}{section.3}% 28
\BOOKMARK [3][-]{subsubsection.3.7.1}{\376\377\000P\000r\000z\000y\000k\000l\000a\000d\000o\000w\000e\000\040\000c\000e\000c\000h\000y\000\040\000d\000y\000n\000a\000m\000i\000c\000z\000n\000e}{subsection.3.7}% 29
\BOOKMARK [3][-]{subsubsection.3.7.2}{\376\377\000C\000e\000c\000h\000y\000\040\000s\000r\000o\000d\000o\000w\000i\000s\000k\000o\000w\000e}{subsection.3.7}% 30
\BOOKMARK [3][-]{subsubsection.3.7.3}{\376\377\000S\000l\000o\000w\000n\000i\000k\000\040\000z\000m\000i\000e\000n\000n\000y\000c\000h\000\040\000c\000e\000c\000h\000o\000w\000y\000c\000h}{subsection.3.7}% 31
\BOOKMARK [2][-]{subsection.3.8}{\376\377\000M\000o\000d\000e\000l\000\040\000i\000\040\000i\000n\000f\000e\000r\000e\000n\000c\000j\000a}{section.3}% 32
\BOOKMARK [3][-]{subsubsection.3.8.1}{\376\377\000T\000r\000e\000n\000i\000n\000g\000\040\000o\000f\000f\000l\000i\000n\000e}{subsection.3.8}% 33
\BOOKMARK [3][-]{subsubsection.3.8.2}{\376\377\000P\000r\000e\000d\000y\000k\000c\000j\000a\000\040\000o\000n\000l\000i\000n\000e}{subsection.3.8}% 34
\BOOKMARK [2][-]{subsection.3.9}{\376\377\000P\000o\000l\000i\000c\000y\000\040\000e\000n\000g\000i\000n\000e\000\040\000/\000\040\000e\000n\000f\000o\000r\000c\000e\000m\000e\000n\000t}{section.3}% 35
\BOOKMARK [2][-]{subsection.3.10}{\376\377\000D\000e\000v\000O\000p\000s\000\040\000i\000\040\000u\000r\000u\000c\000h\000o\000m\000i\000e\000n\000i\000e}{section.3}% 36
\BOOKMARK [2][-]{subsection.3.11}{\376\377\000J\000a\000k\000o\000s\000c\000\040\000i\000\040\000t\000e\000s\000t\000y}{section.3}% 37
\BOOKMARK [1][-]{section.4}{\376\377\000M\000o\000d\000e\000l\000\040\000f\000i\000n\000a\000l\000n\000y\000\040\000i\000\040\000r\000a\000p\000o\000r\000t\000\040\000w\000y\000n\000i\000k\000o\000w}{}% 38
\BOOKMARK [2][-]{subsection.4.1}{\376\377\000C\000e\000l\000\040\000i\000\040\000z\000a\000k\000r\000e\000s\000\040\000a\000n\000a\000l\000i\000z\000y\000\040\000m\000o\000d\000e\000l\000u}{section.4}% 39
\BOOKMARK [2][-]{subsection.4.2}{\376\377\000K\000o\000n\000f\000i\000g\000u\000r\000a\000c\000j\000a\000\040\000m\000o\000d\000e\000l\000u\000\040\000f\000i\000n\000a\000l\000n\000e\000g\000o}{section.4}% 40
\BOOKMARK [2][-]{subsection.4.3}{\376\377\000J\000a\000k\000i\000e\000\040\000d\000a\000n\000e\000\040\000w\000e\000s\000z\000l\000y\000\040\000d\000o\000\040\000m\000o\000d\000e\000l\000u}{section.4}% 41
\BOOKMARK [3][-]{subsubsection.4.3.1}{\376\377\000P\000o\000z\000i\000o\000m\000\040\000s\000u\000r\000o\000w\000y}{subsection.4.3}% 42
\BOOKMARK [3][-]{subsubsection.4.3.2}{\376\377\000P\000o\000z\000i\000o\000m\000\040\000c\000e\000c\000h}{subsection.4.3}% 43
\BOOKMARK [2][-]{subsection.4.4}{\376\377\000D\000o\000b\000o\000r\000\040\000z\000m\000i\000e\000n\000n\000y\000c\000h\000:\000\040\000p\000r\000o\000c\000e\000s\000\040\000i\000\040\000u\000z\000a\000s\000a\000d\000n\000i\000e\000n\000i\000e}{section.4}% 44
\BOOKMARK [3][-]{subsubsection.4.4.1}{\376\377\000P\000r\000z\000e\000s\000t\000r\000z\000e\000n\000\040\000k\000a\000n\000d\000y\000d\000a\000c\000k\000a\000\040\000i\000\040\000f\000i\000n\000a\000l\000n\000y\000\040\000w\000y\000b\000o\000r}{subsection.4.4}% 45
\BOOKMARK [3][-]{subsubsection.4.4.2}{\376\377\000K\000r\000y\000t\000e\000r\000i\000a\000\040\000d\000o\000b\000o\000r\000u\000\040\000z\000m\000i\000e\000n\000n\000y\000c\000h}{subsection.4.4}% 46
\BOOKMARK [3][-]{subsubsection.4.4.3}{\376\377\000C\000o\000\040\000o\000z\000n\000a\000c\000z\000a\000\040\000t\000e\000n\000\040\000w\000y\000b\000o\000r\000\040\000w\000\040\000p\000r\000a\000k\000t\000y\000c\000e}{subsection.4.4}% 47
\BOOKMARK [2][-]{subsection.4.5}{\376\377\000P\000o\000d\000z\000i\000a\000l\000\040\000t\000r\000a\000i\000n\000/\000t\000e\000s\000t\000\040\000i\000\040\000w\000a\000l\000i\000d\000a\000c\000j\000a}{section.4}% 48
\BOOKMARK [3][-]{subsubsection.4.5.1}{\376\377\000S\000t\000r\000a\000t\000e\000g\000i\000a\000\040\000p\000o\000d\000z\000i\000a\000l\000u}{subsection.4.5}% 49
\BOOKMARK [3][-]{subsubsection.4.5.2}{\376\377\000C\000o\000\040\000o\000z\000n\000a\000c\000z\000a\000j\000a\000\040\000l\000i\000c\000z\000b\000y\000\040\000w\000\040\000p\000r\000a\000k\000t\000y\000c\000e}{subsection.4.5}% 50
\BOOKMARK [3][-]{subsubsection.4.5.3}{\376\377\000T\000y\000p\000\040\000w\000a\000l\000i\000d\000a\000c\000j\000i}{subsection.4.5}% 51
\BOOKMARK [2][-]{subsection.4.6}{\376\377\000M\000e\000t\000r\000y\000k\000i\000\040\000i\000l\000o\000s\000c\000i\000o\000w\000e}{section.4}% 52
\BOOKMARK [3][-]{subsubsection.4.6.1}{\376\377\000M\000e\000t\000r\000y\000k\000i\000\040\000z\000\040\000t\000r\000e\000n\000i\000n\000g\000u\000\040\000\050\000h\000o\000l\000d\000-\000o\000u\000t\000,\000\040\000G\000r\000o\000u\000p\000S\000h\000u\000f\000f\000l\000e\000S\000p\000l\000i\000t\000\051}{subsection.4.6}% 53
\BOOKMARK [3][-]{subsubsection.4.6.2}{\376\377\000M\000e\000t\000r\000y\000k\000i\000\040\000e\000w\000a\000l\000u\000a\000c\000y\000j\000n\000e\000\040\000\050\000a\000k\000t\000y\000w\000n\000y\000\040\000m\000o\000d\000e\000l\000\051}{subsection.4.6}% 54
\BOOKMARK [2][-]{subsection.4.7}{\376\377\000W\000i\000z\000u\000a\000l\000i\000z\000a\000c\000j\000e\000\040\000m\000o\000d\000e\000l\000u}{section.4}% 55
\BOOKMARK [2][-]{subsection.4.8}{\376\377\000I\000n\000t\000e\000r\000p\000r\000e\000t\000a\000c\000j\000a\000:\000\040\000c\000o\000\040\000m\000o\000d\000e\000l\000\040\000r\000z\000e\000c\000z\000y\000w\000i\000s\000c\000i\000e\000\040\000r\000o\000b\000i}{section.4}% 56
\BOOKMARK [3][-]{subsubsection.4.8.1}{\376\377\000S\000t\000r\000u\000k\000t\000u\000r\000a\000\040\000d\000e\000c\000y\000z\000y\000j\000n\000a\000\040\000d\000r\000z\000e\000w\000a\000:\000\040\000i\000n\000t\000e\000r\000p\000r\000e\000t\000a\000c\000j\000a\000\040\000w\000a\000r\000s\000t\000w}{subsection.4.8}% 57
\BOOKMARK [3][-]{subsubsection.4.8.2}{\376\377\000J\000a\000k\000\040\000c\000z\000y\000t\000a\000c\000\040\000d\000i\000a\000g\000r\000a\000m\000\040\000w\000a\000z\000n\000o\000s\000c\000i\000\040\000c\000e\000c\000h}{subsection.4.8}% 58
\BOOKMARK [3][-]{subsubsection.4.8.3}{\376\377\000Z\000n\000a\000c\000z\000e\000n\000i\000e\000\040\000o\000p\000e\000r\000a\000c\000y\000j\000n\000e\000\040\000\050\000c\000o\000\040\000t\000o\000\040\000o\000z\000n\000a\000c\000z\000a\000\040\000d\000l\000a\000\040\000d\000e\000t\000e\000k\000c\000j\000i\000\051}{subsection.4.8}% 59
\BOOKMARK [2][-]{subsection.4.9}{\376\377\000R\000e\000g\000u\000l\000y\000\040\000k\000l\000a\000s\000y\000f\000i\000k\000a\000c\000j\000i\000\040\000\050\000f\000r\000a\000g\000m\000e\000n\000t\000\051}{section.4}% 60
\BOOKMARK [2][-]{subsection.4.10}{\376\377\000C\000z\000y\000\040\000e\000w\000a\000l\000u\000a\000c\000j\000a\000\040\000j\000e\000s\000t\000\040\000s\000p\000o\000j\000n\000a\000\040\000z\000\040\000r\000z\000e\000c\000z\000y\000w\000i\000s\000t\000o\000s\000c\000i\000a\000?}{section.4}% 61
\BOOKMARK [3][-]{subsubsection.4.10.1}{\376\377\000C\000o\000\040\000j\000e\000s\000t\000\040\000s\000p\000o\000j\000n\000e}{subsection.4.10}% 62
\BOOKMARK [3][-]{subsubsection.4.10.2}{\376\377\000G\000d\000z\000i\000e\000\040\000j\000e\000s\000t\000\040\000r\000y\000z\000y\000k\000o\000\040\000p\000r\000z\000e\000s\000z\000a\000c\000o\000w\000a\000n\000i\000a}{subsection.4.10}% 63
\BOOKMARK [3][-]{subsubsection.4.10.3}{\376\377\000N\000a\000j\000w\000a\000z\000n\000i\000e\000j\000s\000z\000e\000\040\000o\000g\000r\000a\000n\000i\000c\000z\000e\000n\000i\000e\000\040\000o\000b\000e\000c\000n\000e\000g\000o\000\040\000r\000a\000p\000o\000r\000t\000u}{subsection.4.10}% 64
\BOOKMARK [2][-]{subsection.4.11}{\376\377\000T\000h\000r\000e\000a\000t\000s\000\040\000t\000o\000\040\000v\000a\000l\000i\000d\000i\000t\000y}{section.4}% 65
\BOOKMARK [2][-]{subsection.4.12}{\376\377\000W\000n\000i\000o\000s\000e\000k\000\040\000k\000o\000n\000c\000o\000w\000y}{section.4}% 66
\BOOKMARK [1][-]{section.5}{\376\377\000P\000o\000d\000s\000u\000m\000o\000w\000a\000n\000i\000e\000\040\000p\000r\000o\000j\000e\000k\000t\000u}{}% 67
\BOOKMARK [2][-]{subsection.5.1}{\376\377\000C\000o\000\040\000z\000o\000s\000t\000a\001\102\000o\000\040\000o\000s\000i\001\005\000g\000n\000i\001\031\000t\000e}{section.5}% 68
\BOOKMARK [2][-]{subsection.5.2}{\376\377\000W\000n\000i\000o\000s\000k\000i\000\040\000p\000r\000a\000k\000t\000y\000c\000z\000n\000e}{section.5}% 69
\BOOKMARK [2][-]{subsection.5.3}{\376\377\000R\000e\000k\000o\000m\000e\000n\000d\000o\000w\000a\000n\000e\000\040\000k\000o\000l\000e\000j\000n\000e\000\040\000k\000r\000o\000k\000i}{section.5}% 70
